// Jest Snapshot v1, https://goo.gl/fbAQLP

exports[`Article should render correctly 1`] = `
<DocumentFragment>
  <article
    class="article"
  >
    <header
      class="articleHeader"
    >
      <a
        class="category"
        href="/category/javascript"
      >
        JavaScript
      </a>
      <a
        href="/dynamic-data-merge-fields/"
      >
        <h2
          class="articleTitle"
        >
          Inject dynamic data into static content with merge fields
        </h2>
      </a>
      <time
        class="timeStamp timeStampIsSmall"
        datetime="2021-03-08T08:00:00.000Z"
      >
        March 08, 2021
      </time>
      <span
        class="articleSeparator"
      >
        ▸
      </span>
      <span
        class="articleTimeToRead"
      >
        9 minute read
      </span>
    </header>
    <div
      class="articleDescription"
    >
      Last year, I worked on upgrading one of our consumer-facing applications from a standard Angular application with static content hard-coded…
    </div>
  </article>
</DocumentFragment>
`;
