// Jest Snapshot v1, https://goo.gl/fbAQLP

exports[`Jobs should render the Jobs component 1`] = `
<div>
  <div
    class="tabs"
  >
    <div
      aria-label="Jobs"
      class="tabsList"
      role="tablist"
    >
      <button
        aria-controls="-panel"
        aria-selected="true"
        class="tabButton tabButtonIsActive"
        id="-tab"
        role="tab"
        tabindex="-1"
      />
      <button
        aria-controls="-panel"
        aria-selected="true"
        class="tabButton tabButtonIsActive"
        id="-tab"
        role="tab"
        tabindex="-1"
      />
      <button
        aria-controls="-panel"
        aria-selected="true"
        class="tabButton tabButtonIsActive"
        id="-tab"
        role="tab"
        tabindex="-1"
      />
      <button
        aria-controls="-panel"
        aria-selected="true"
        class="tabButton tabButtonIsActive"
        id="-tab"
        role="tab"
        tabindex="-1"
      />
    </div>
    <div
      aria-labelledby="-tab"
      class="tabPanel jobPanel"
      id="-panel"
      role="tabpanel"
      tabindex="0"
    >
      <div />
    </div>
    <div
      aria-labelledby="-tab"
      class="tabPanel jobPanel"
      id="-panel"
      role="tabpanel"
      tabindex="0"
    >
      <div />
    </div>
    <div
      aria-labelledby="-tab"
      class="tabPanel jobPanel"
      id="-panel"
      role="tabpanel"
      tabindex="0"
    >
      <div />
    </div>
    <div
      aria-labelledby="-tab"
      class="tabPanel jobPanel"
      id="-panel"
      role="tabpanel"
      tabindex="0"
    >
      <div />
    </div>
  </div>
</div>
`;
