// Jest Snapshot v1, https://goo.gl/fbAQLP

exports[`GridList should render a bulleted GridList component 1`] = `
<div>
  <ul
    class="gridList"
  >
    <li
      class="gridListItem"
    >
      Typescript
    </li>
    <li
      class="gridListItem"
    >
      React
    </li>
    <li
      class="gridListItem"
    >
      HTML
    </li>
    <li
      class="gridListItem"
    >
      CSS (& Sass)
    </li>
    <li
      class="gridListItem"
    >
      Git
    </li>
    <li
      class="gridListItem"
    >
      Firebase
    </li>
  </ul>
</div>
`;
